{
  "timeslots": [
    {
      "classIdentifier": "D",
      "availableSlots": 30,
      "professors": [
        "Maur�cio Andrade Weiss"
      ],
      "scheduledTimes": [
        {
          "day": "Ter�a",
          "shortDay": "ter",
          "startTime": "16:30",
          "endTime": "18:10",
          "location": "EAD",
          "locationMap": null
        },
        {
          "day": "Quinta",
          "shortDay": "qui",
          "startTime": "16:30",
          "endTime": "18:10",
          "location": "EAD",
          "locationMap": null
        }
      ]
    }
  ],
  "credits": 4
}